Release 14.7 - xst P.20131013 (nt)
Copyright (c) 1995-2013 Xilinx, Inc.  All rights reserved.
--> Parameter TMPDIR set to xst/projnav.tmp


Total REAL time to Xst completion: 0.00 secs
Total CPU time to Xst completion: 0.09 secs
 
--> Parameter xsthdpdir set to xst


Total REAL time to Xst completion: 0.00 secs
Total CPU time to Xst completion: 0.09 secs
 
--> Reading design: WarpLC.prj

TABLE OF CONTENTS
  1) Synthesis Options Summary
  2) HDL Parsing
  3) HDL Elaboration
  4) HDL Synthesis
       4.1) HDL Synthesis Report
  5) Advanced HDL Synthesis
       5.1) Advanced HDL Synthesis Report
  6) Low Level Synthesis
  7) Partition Report
  8) Design Summary
       8.1) Primitive and Black Box Usage
       8.2) Device utilization summary
       8.3) Partition Resource Summary
       8.4) Timing Report
            8.4.1) Clock Information
            8.4.2) Asynchronous Control Signals Information
            8.4.3) Timing Summary
            8.4.4) Timing Details
            8.4.5) Cross Clock Domains Report


=========================================================================
*                      Synthesis Options Summary                        *
=========================================================================
---- Source Parameters
Input File Name                    : "WarpLC.prj"
Ignore Synthesis Constraint File   : NO

---- Target Parameters
Output File Name                   : "WarpLC"
Output Format                      : NGC
Target Device                      : xc6slx9-2-ftg256

---- Source Options
Top Module Name                    : WarpLC
Automatic FSM Extraction           : YES
FSM Encoding Algorithm             : Auto
Safe Implementation                : No
FSM Style                          : LUT
RAM Extraction                     : Yes
RAM Style                          : Auto
ROM Extraction                     : Yes
Shift Register Extraction          : YES
ROM Style                          : Auto
Resource Sharing                   : YES
Asynchronous To Synchronous        : NO
Shift Register Minimum Size        : 2
Use DSP Block                      : Auto
Automatic Register Balancing       : No

---- Target Options
LUT Combining                      : Auto
Reduce Control Sets                : Auto
Add IO Buffers                     : YES
Global Maximum Fanout              : 100000
Add Generic Clock Buffer(BUFG)     : 16
Register Duplication               : YES
Optimize Instantiated Primitives   : NO
Use Clock Enable                   : Auto
Use Synchronous Set                : Auto
Use Synchronous Reset              : Auto
Pack IO Registers into IOBs        : Auto
Equivalent register Removal        : YES

---- General Options
Optimization Goal                  : Speed
Optimization Effort                : 2
Power Reduction                    : NO
Keep Hierarchy                     : No
Netlist Hierarchy                  : As_Optimized
RTL Output                         : Yes
Global Optimization                : Inpad_To_Outpad
Read Cores                         : YES
Write Timing Constraints           : NO
Cross Clock Analysis               : NO
Hierarchy Separator                : /
Bus Delimiter                      : <>
Case Specifier                     : Maintain
Slice Utilization Ratio            : 100
BRAM Utilization Ratio             : 100
DSP48 Utilization Ratio            : 100
Auto BRAM Packing                  : NO
Slice Utilization Ratio Delta      : 5

---- Other Options
Cores Search Directories           : {"ipcore_dir"  }

=========================================================================


=========================================================================
*                          HDL Parsing                                  *
=========================================================================
Analyzing Verilog file "C:\Users\zanek\Documents\GitHub\Warp-LC\fpga\ipcore_dir\PLL.v" into library work
Parsing module <PLL>.
Analyzing Verilog file "C:\Users\zanek\Documents\GitHub\Warp-LC\fpga\ipcore_dir\PrefetchTagRAM.v" into library work
Parsing module <PrefetchTagRAM>.
Analyzing Verilog file "C:\Users\zanek\Documents\GitHub\Warp-LC\fpga\SizeDecode.v" into library work
Parsing module <SizeDecode>.
Analyzing Verilog file "C:\Users\zanek\Documents\GitHub\Warp-LC\fpga\Prefetch.v" into library work
Parsing module <L2Prefetch>.
Analyzing Verilog file "C:\Users\zanek\Documents\GitHub\Warp-LC\fpga\ClkGen.v" into library work
Parsing module <ClkGen>.
Analyzing Verilog file "C:\Users\zanek\Documents\GitHub\Warp-LC\fpga\WarpLC.v" into library work
Parsing module <WarpLC>.

=========================================================================
*                            HDL Elaboration                            *
=========================================================================

Elaborating module <WarpLC>.
WARNING:HDLCompiler:1016 - "C:\Users\zanek\Documents\GitHub\Warp-LC\fpga\ClkGen.v" Line 32: Port LOCKED is not connected to this instance

Elaborating module <ClkGen>.

Elaborating module <PLL>.

Elaborating module <IBUFG>.

Elaborating module <BUFIO2FB(DIVIDE_BYPASS="TRUE")>.

Elaborating module <PLL_BASE(BANDWIDTH="HIGH",CLK_FEEDBACK="CLKFBOUT",COMPENSATION="EXTERNAL",DIVCLK_DIVIDE=1,CLKFBOUT_MULT=28,CLKFBOUT_PHASE=0.0,CLKOUT0_DIVIDE=14,CLKOUT0_PHASE=0.0,CLKOUT0_DUTY_CYCLE=0.5,CLKIN_PERIOD=30.0,REF_JITTER=0.01)>.
WARNING:HDLCompiler:1127 - "C:\Users\zanek\Documents\GitHub\Warp-LC\fpga\ipcore_dir\PLL.v" Line 129: Assignment to clkout1_unused ignored, since the identifier is never used
WARNING:HDLCompiler:1127 - "C:\Users\zanek\Documents\GitHub\Warp-LC\fpga\ipcore_dir\PLL.v" Line 130: Assignment to clkout2_unused ignored, since the identifier is never used
WARNING:HDLCompiler:1127 - "C:\Users\zanek\Documents\GitHub\Warp-LC\fpga\ipcore_dir\PLL.v" Line 131: Assignment to clkout3_unused ignored, since the identifier is never used
WARNING:HDLCompiler:1127 - "C:\Users\zanek\Documents\GitHub\Warp-LC\fpga\ipcore_dir\PLL.v" Line 132: Assignment to clkout4_unused ignored, since the identifier is never used
WARNING:HDLCompiler:1127 - "C:\Users\zanek\Documents\GitHub\Warp-LC\fpga\ipcore_dir\PLL.v" Line 133: Assignment to clkout5_unused ignored, since the identifier is never used

Elaborating module <BUFG>.

Elaborating module <ODDR2>.

Elaborating module <ODDR2(DDR_ALIGNMENT="C0",INIT=1'b0,SRTYPE="ASYNC")>.

Elaborating module <SizeDecode>.
WARNING:HDLCompiler:1127 - "C:\Users\zanek\Documents\GitHub\Warp-LC\fpga\WarpLC.v" Line 94: Assignment to FSB_B ignored, since the identifier is never used

Elaborating module <L2Prefetch>.

Elaborating module <PrefetchTagRAM>.
WARNING:HDLCompiler:1499 - "C:\Users\zanek\Documents\GitHub\Warp-LC\fpga\ipcore_dir\PrefetchTagRAM.v" Line 39: Empty module <PrefetchTagRAM> remains a black box.
WARNING:HDLCompiler:189 - "C:\Users\zanek\Documents\GitHub\Warp-LC\fpga\Prefetch.v" Line 40: Size mismatch in connection of port <d>. Formal port size is 22-bit while actual signal size is 20-bit.
WARNING:HDLCompiler:189 - "C:\Users\zanek\Documents\GitHub\Warp-LC\fpga\Prefetch.v" Line 41: Size mismatch in connection of port <spo>. Formal port size is 22-bit while actual signal size is 20-bit.
WARNING:HDLCompiler:189 - "C:\Users\zanek\Documents\GitHub\Warp-LC\fpga\Prefetch.v" Line 43: Size mismatch in connection of port <dpo>. Formal port size is 22-bit while actual signal size is 20-bit.
WARNING:Xst:2972 - "C:\Users\zanek\Documents\GitHub\Warp-LC\fpga\WarpLC.v" line 91. All outputs of instance <sd> of block <SizeDecode> are unconnected in block <WarpLC>. Underlying logic will be removed.

=========================================================================
*                           HDL Synthesis                               *
=========================================================================

Synthesizing Unit <WarpLC>.
    Related source file is "C:\Users\zanek\Documents\GitHub\Warp-LC\fpga\WarpLC.v".
    Set property "IOSTANDARD = LVCMOS33" for signal <FSB_A>.
    Set property "IOBDELAY = NONE" for signal <FSB_A>.
    Set property "IOSTANDARD = LVCMOS33" for signal <FSB_SIZ>.
    Set property "IOBDELAY = NONE" for signal <FSB_SIZ>.
    Set property "IOSTANDARD = LVCMOS33" for signal <FSB_D>.
    Set property "DRIVE = 8" for signal <FSB_D>.
    Set property "SLEW = SLOW" for signal <FSB_D>.
    Set property "IOSTANDARD = LVCMOS33" for signal <CPU_nAS>.
    Set property "IOBDELAY = NONE" for signal <CPU_nAS>.
    Set property "IOSTANDARD = LVCMOS33" for signal <CPU_nSTERM>.
    Set property "DRIVE = 24" for signal <CPU_nSTERM>.
    Set property "SLEW = FAST" for signal <CPU_nSTERM>.
    Set property "IOSTANDARD = LVCMOS33" for signal <CPUCLK>.
    Set property "DRIVE = 24" for signal <CPUCLK>.
    Set property "SLEW = FAST" for signal <CPUCLK>.
    Set property "IOSTANDARD = LVCMOS33" for signal <FPUCLK>.
    Set property "DRIVE = 24" for signal <FPUCLK>.
    Set property "SLEW = FAST" for signal <FPUCLK>.
    Set property "IOSTANDARD = LVCMOS33" for signal <RAMCLK0>.
    Set property "DRIVE = 24" for signal <RAMCLK0>.
    Set property "SLEW = FAST" for signal <RAMCLK0>.
    Set property "IOSTANDARD = LVCMOS33" for signal <RAMCLK1>.
    Set property "DRIVE = 24" for signal <RAMCLK1>.
    Set property "SLEW = FAST" for signal <RAMCLK1>.
    Set property "IOSTANDARD = LVCMOS33" for signal <CLKIN>.
    Set property "IOBDELAY = NONE" for signal <CLKIN>.
    Set property "IOSTANDARD = LVCMOS33" for signal <CLKFB_IN>.
    Set property "IOBDELAY = NONE" for signal <CLKFB_IN>.
    Set property "IOSTANDARD = LVCMOS33" for signal <CLKFB_OUT>.
    Set property "DRIVE = 24" for signal <CLKFB_OUT>.
    Set property "SLEW = FAST" for signal <CLKFB_OUT>.
WARNING:Xst:647 - Input <FSB_A<31:28>> is never used. This port will be preserved and left unconnected if it belongs to a top-level block or it belongs to a sub-block and the hierarchy of this sub-block is preserved.
WARNING:Xst:647 - Input <CPU_nAS> is never used. This port will be preserved and left unconnected if it belongs to a top-level block or it belongs to a sub-block and the hierarchy of this sub-block is preserved.
INFO:Xst:3210 - "C:\Users\zanek\Documents\GitHub\Warp-LC\fpga\WarpLC.v" line 91: Output port <B> of the instance <sd> is unconnected or connected to loadless signal.
    Summary:
	no macro.
Unit <WarpLC> synthesized.

Synthesizing Unit <ClkGen>.
    Related source file is "C:\Users\zanek\Documents\GitHub\Warp-LC\fpga\ClkGen.v".
INFO:Xst:3210 - "C:\Users\zanek\Documents\GitHub\Warp-LC\fpga\ClkGen.v" line 32: Output port <LOCKED> of the instance <pll> is unconnected or connected to loadless signal.
    Found 1-bit register for signal <CPUCLKr>.
    Summary:
	inferred   1 D-type flip-flop(s).
Unit <ClkGen> synthesized.

Synthesizing Unit <PLL>.
    Related source file is "C:\Users\zanek\Documents\GitHub\Warp-LC\fpga\ipcore_dir\PLL.v".
    Summary:
	no macro.
Unit <PLL> synthesized.

Synthesizing Unit <L2Prefetch>.
    Related source file is "C:\Users\zanek\Documents\GitHub\Warp-LC\fpga\Prefetch.v".
WARNING:Xst:647 - Input <WRD> is never used. This port will be preserved and left unconnected if it belongs to a top-level block or it belongs to a sub-block and the hierarchy of this sub-block is preserved.
WARNING:Xst:647 - Input <CPUCLKr> is never used. This port will be preserved and left unconnected if it belongs to a top-level block or it belongs to a sub-block and the hierarchy of this sub-block is preserved.
    Found 19-bit comparator equal for signal <RDTag[18]_RDATag[18]_equal_5_o> created at line 34
    Summary:
	inferred   1 Comparator(s).
Unit <L2Prefetch> synthesized.

=========================================================================
HDL Synthesis Report

Macro Statistics
# Registers                                            : 1
 1-bit register                                        : 1
# Comparators                                          : 1
 19-bit comparator equal                               : 1

=========================================================================

=========================================================================
*                       Advanced HDL Synthesis                          *
=========================================================================

Reading core <ipcore_dir/PrefetchTagRAM.ngc>.
Loading core <PrefetchTagRAM> for timing and area information for instance <Tag>.

=========================================================================
Advanced HDL Synthesis Report

Macro Statistics
# Registers                                            : 1
 Flip-Flops                                            : 1
# Comparators                                          : 1
 19-bit comparator equal                               : 1

=========================================================================

=========================================================================
*                         Low Level Synthesis                           *
=========================================================================
INFO:Xst:1901 - Instance pll_base_inst in unit pll_base_inst of type PLL_BASE has been replaced by PLL_ADV

Optimizing unit <WarpLC> ...

Optimizing unit <ClkGen> ...

Optimizing unit <PLL> ...

Mapping all equations...
Building and optimizing final netlist ...
Found area constraint ratio of 100 (+ 5) on block WarpLC, actual ratio is 0.

Final Macro Processing ...

=========================================================================
Final Register Report

Macro Statistics
# Registers                                            : 1
 Flip-Flops                                            : 1

=========================================================================

=========================================================================
*                           Partition Report                            *
=========================================================================

Partition Implementation Status
-------------------------------

  No Partitions were found in this design.

-------------------------------

=========================================================================
*                            Design Summary                             *
=========================================================================

Top Level Output File Name         : WarpLC.ngc

Primitive and Black Box Usage:
------------------------------
# BELS                             : 21
#      GND                         : 1
#      INV                         : 3
#      LUT1                        : 1
#      LUT2                        : 1
#      LUT6                        : 6
#      MUXCY                       : 8
#      VCC                         : 1
# FlipFlops/Latches                : 50
#      FD                          : 44
#      FDR                         : 1
#      ODDR2                       : 5
# RAMS                             : 22
#      RAM128X1D                   : 22
# Clock Buffers                    : 2
#      BUFG                        : 2
# IO Buffers                       : 34
#      IBUF                        : 26
#      IBUFG                       : 2
#      OBUF                        : 6
# Others                           : 2
#      BUFIO2FB                    : 1
#      PLL_ADV                     : 1

Device utilization summary:
---------------------------

Selected Device : 6slx9ftg256-2 


Slice Logic Utilization: 
 Number of Slice Registers:              50  out of  11440     0%  
 Number of Slice LUTs:                   99  out of   5720     1%  
    Number used as Logic:                11  out of   5720     0%  
    Number used as Memory:               88  out of   1440     6%  
       Number used as RAM:               88

Slice Logic Distribution: 
 Number of LUT Flip Flop pairs used:    149
   Number with an unused Flip Flop:      99  out of    149    66%  
   Number with an unused LUT:            50  out of    149    33%  
   Number of fully used LUT-FF pairs:     0  out of    149     0%  
   Number of unique control sets:         2

IO Utilization: 
 Number of IOs:                          75
 Number of bonded IOBs:                  34  out of    186    18%  

Specific Feature Utilization:
 Number of BUFG/BUFGCTRLs:                2  out of     16    12%  
 Number of PLL_ADVs:                      1  out of      2    50%  

---------------------------
Partition Resource Summary:
---------------------------

  No Partitions were found in this design.

---------------------------


=========================================================================
Timing Report

NOTE: THESE TIMING NUMBERS ARE ONLY A SYNTHESIS ESTIMATE.
      FOR ACCURATE TIMING INFORMATION PLEASE REFER TO THE TRACE REPORT
      GENERATED AFTER PLACE-and-ROUTE.

Clock Information:
------------------
-----------------------------------+------------------------+-------+
Clock Signal                       | Clock buffer(FF name)  | Load  |
-----------------------------------+------------------------+-------+
cg/pll/pll_base_inst/CLKOUT0       | BUFG                   | 75    |
cg/pll/pll_base_inst/CLKFBOUT      | BUFG                   | 2     |
-----------------------------------+------------------------+-------+

Asynchronous Control Signals Information:
----------------------------------------
No asynchronous control signals found in this design

Timing Summary:
---------------
Speed Grade: -2

   Minimum period: 4.616ns (Maximum Frequency: 216.638MHz)
   Minimum input arrival time before clock: No path found
   Maximum output required time after clock: No path found
   Maximum combinational path delay: 6.656ns

Timing Details:
---------------
All values displayed in nanoseconds (ns)

=========================================================================
Timing constraint: Default period analysis for Clock 'cg/pll/pll_base_inst/CLKOUT0'
  Clock period: 4.616ns (frequency: 216.638MHz)
  Total number of paths / destination ports: 5 / 5
-------------------------------------------------------------------------
Delay:               2.308ns (Levels of Logic = 1)
  Source:            cg/CPUCLKr (FF)
  Destination:       cg/CPUCLK_inst (FF)
  Source Clock:      cg/pll/pll_base_inst/CLKOUT0 rising
  Destination Clock: cg/pll/pll_base_inst/CLKOUT0 falling

  Data Path: cg/CPUCLKr to cg/CPUCLK_inst
                                Gate     Net
    Cell:in->out      fanout   Delay   Delay  Logical Name (Net Name)
    ----------------------------------------  ------------
     FDR:C->Q              4   0.525   0.803  cg/CPUCLKr (cg/CPUCLKr)
     INV:I->O              2   0.255   0.725  cg/CPUCLKr_INV_2_o1_INV_0 (cg/CPUCLKr_INV_2_o)
     ODDR2:D1                  0.000          cg/CPUCLK_inst
    ----------------------------------------
    Total                      2.308ns (0.780ns logic, 1.528ns route)
                                       (33.8% logic, 66.2% route)

=========================================================================
Timing constraint: Default path analysis
  Total number of paths / destination ports: 20 / 2
-------------------------------------------------------------------------
Delay:               6.656ns (Levels of Logic = 11)
  Source:            FSB_A<11> (PAD)
  Destination:       CPU_nSTERM (PAD)

  Data Path: FSB_A<11> to CPU_nSTERM
                                Gate     Net
    Cell:in->out      fanout   Delay   Delay  Logical Name (Net Name)
    ----------------------------------------  ------------
     IBUF:I->O             1   1.328   0.910  FSB_A_11_IBUF (FSB_A_11_IBUF)
     LUT6:I3->O            1   0.235   0.000  l2pre/Mcompar_RDTag[18]_RDATag[18]_equal_5_o_lut<0> (l2pre/Mcompar_RDTag[18]_RDATag[18]_equal_5_o_lut<0>)
     MUXCY:S->O            1   0.215   0.000  l2pre/Mcompar_RDTag[18]_RDATag[18]_equal_5_o_cy<0> (l2pre/Mcompar_RDTag[18]_RDATag[18]_equal_5_o_cy<0>)
     MUXCY:CI->O           1   0.023   0.000  l2pre/Mcompar_RDTag[18]_RDATag[18]_equal_5_o_cy<1> (l2pre/Mcompar_RDTag[18]_RDATag[18]_equal_5_o_cy<1>)
     MUXCY:CI->O           1   0.023   0.000  l2pre/Mcompar_RDTag[18]_RDATag[18]_equal_5_o_cy<2> (l2pre/Mcompar_RDTag[18]_RDATag[18]_equal_5_o_cy<2>)
     MUXCY:CI->O           1   0.023   0.000  l2pre/Mcompar_RDTag[18]_RDATag[18]_equal_5_o_cy<3> (l2pre/Mcompar_RDTag[18]_RDATag[18]_equal_5_o_cy<3>)
     MUXCY:CI->O           1   0.023   0.000  l2pre/Mcompar_RDTag[18]_RDATag[18]_equal_5_o_cy<4> (l2pre/Mcompar_RDTag[18]_RDATag[18]_equal_5_o_cy<4>)
     MUXCY:CI->O           1   0.023   0.000  l2pre/Mcompar_RDTag[18]_RDATag[18]_equal_5_o_cy<5> (l2pre/Mcompar_RDTag[18]_RDATag[18]_equal_5_o_cy<5>)
     MUXCY:CI->O           1   0.023   0.000  l2pre/Mcompar_RDTag[18]_RDATag[18]_equal_5_o_cy<6> (l2pre/RDTag[18]_RDATag[18]_equal_5_o)
     MUXCY:CI->O           1   0.235   0.681  CPU_nSTERM1_cy (CPU_nSTERM_OBUF)
     OBUF:I->O                 2.912          CPU_nSTERM_OBUF (CPU_nSTERM)
    ----------------------------------------
    Total                      6.656ns (5.065ns logic, 1.591ns route)
                                       (76.1% logic, 23.9% route)

=========================================================================

Cross Clock Domains Report:
--------------------------

Clock to Setup on destination clock cg/pll/pll_base_inst/CLKOUT0
----------------------------+---------+---------+---------+---------+
                            | Src:Rise| Src:Fall| Src:Rise| Src:Fall|
Source Clock                |Dest:Rise|Dest:Rise|Dest:Fall|Dest:Fall|
----------------------------+---------+---------+---------+---------+
cg/pll/pll_base_inst/CLKOUT0|    2.308|         |    2.308|         |
----------------------------+---------+---------+---------+---------+

=========================================================================
WARNING:Xst:615 - Instance associated with port FSB_D<31> not found, property IOSTANDARD not attached.
WARNING:Xst:615 - Instance associated with port FSB_D<31> not found, property DRIVE not attached.
WARNING:Xst:615 - Instance associated with port FSB_D<30> not found, property IOSTANDARD not attached.
WARNING:Xst:615 - Instance associated with port FSB_D<30> not found, property DRIVE not attached.
WARNING:Xst:615 - Instance associated with port FSB_D<29> not found, property IOSTANDARD not attached.
WARNING:Xst:615 - Instance associated with port FSB_D<29> not found, property DRIVE not attached.
WARNING:Xst:615 - Instance associated with port FSB_D<28> not found, property IOSTANDARD not attached.
WARNING:Xst:615 - Instance associated with port FSB_D<28> not found, property DRIVE not attached.
WARNING:Xst:615 - Instance associated with port FSB_D<27> not found, property IOSTANDARD not attached.
WARNING:Xst:615 - Instance associated with port FSB_D<27> not found, property DRIVE not attached.
WARNING:Xst:615 - Instance associated with port FSB_D<26> not found, property IOSTANDARD not attached.
WARNING:Xst:615 - Instance associated with port FSB_D<26> not found, property DRIVE not attached.
WARNING:Xst:615 - Instance associated with port FSB_D<25> not found, property IOSTANDARD not attached.
WARNING:Xst:615 - Instance associated with port FSB_D<25> not found, property DRIVE not attached.
WARNING:Xst:615 - Instance associated with port FSB_D<24> not found, property IOSTANDARD not attached.
WARNING:Xst:615 - Instance associated with port FSB_D<24> not found, property DRIVE not attached.
WARNING:Xst:615 - Instance associated with port FSB_D<23> not found, property IOSTANDARD not attached.
WARNING:Xst:615 - Instance associated with port FSB_D<23> not found, property DRIVE not attached.
WARNING:Xst:615 - Instance associated with port FSB_D<22> not found, property IOSTANDARD not attached.
WARNING:Xst:615 - Instance associated with port FSB_D<22> not found, property DRIVE not attached.
WARNING:Xst:615 - Instance associated with port FSB_D<21> not found, property IOSTANDARD not attached.
WARNING:Xst:615 - Instance associated with port FSB_D<21> not found, property DRIVE not attached.
WARNING:Xst:615 - Instance associated with port FSB_D<20> not found, property IOSTANDARD not attached.
WARNING:Xst:615 - Instance associated with port FSB_D<20> not found, property DRIVE not attached.
WARNING:Xst:615 - Instance associated with port FSB_D<19> not found, property IOSTANDARD not attached.
WARNING:Xst:615 - Instance associated with port FSB_D<19> not found, property DRIVE not attached.
WARNING:Xst:615 - Instance associated with port FSB_D<18> not found, property IOSTANDARD not attached.
WARNING:Xst:615 - Instance associated with port FSB_D<18> not found, property DRIVE not attached.
WARNING:Xst:615 - Instance associated with port FSB_D<17> not found, property IOSTANDARD not attached.
WARNING:Xst:615 - Instance associated with port FSB_D<17> not found, property DRIVE not attached.
WARNING:Xst:615 - Instance associated with port FSB_D<16> not found, property IOSTANDARD not attached.
WARNING:Xst:615 - Instance associated with port FSB_D<16> not found, property DRIVE not attached.
WARNING:Xst:615 - Instance associated with port FSB_D<15> not found, property IOSTANDARD not attached.
WARNING:Xst:615 - Instance associated with port FSB_D<15> not found, property DRIVE not attached.
WARNING:Xst:615 - Instance associated with port FSB_D<14> not found, property IOSTANDARD not attached.
WARNING:Xst:615 - Instance associated with port FSB_D<14> not found, property DRIVE not attached.
WARNING:Xst:615 - Instance associated with port FSB_D<13> not found, property IOSTANDARD not attached.
WARNING:Xst:615 - Instance associated with port FSB_D<13> not found, property DRIVE not attached.
WARNING:Xst:615 - Instance associated with port FSB_D<12> not found, property IOSTANDARD not attached.
WARNING:Xst:615 - Instance associated with port FSB_D<12> not found, property DRIVE not attached.
WARNING:Xst:615 - Instance associated with port FSB_D<11> not found, property IOSTANDARD not attached.
WARNING:Xst:615 - Instance associated with port FSB_D<11> not found, property DRIVE not attached.
WARNING:Xst:615 - Instance associated with port FSB_D<10> not found, property IOSTANDARD not attached.
WARNING:Xst:615 - Instance associated with port FSB_D<10> not found, property DRIVE not attached.
WARNING:Xst:615 - Instance associated with port FSB_D<9> not found, property IOSTANDARD not attached.
WARNING:Xst:615 - Instance associated with port FSB_D<9> not found, property DRIVE not attached.
WARNING:Xst:615 - Instance associated with port FSB_D<8> not found, property IOSTANDARD not attached.
WARNING:Xst:615 - Instance associated with port FSB_D<8> not found, property DRIVE not attached.
WARNING:Xst:615 - Instance associated with port FSB_D<7> not found, property IOSTANDARD not attached.
WARNING:Xst:615 - Instance associated with port FSB_D<7> not found, property DRIVE not attached.
WARNING:Xst:615 - Instance associated with port FSB_D<6> not found, property IOSTANDARD not attached.
WARNING:Xst:615 - Instance associated with port FSB_D<6> not found, property DRIVE not attached.
WARNING:Xst:615 - Instance associated with port FSB_D<5> not found, property IOSTANDARD not attached.
WARNING:Xst:615 - Instance associated with port FSB_D<5> not found, property DRIVE not attached.
WARNING:Xst:615 - Instance associated with port FSB_D<4> not found, property IOSTANDARD not attached.
WARNING:Xst:615 - Instance associated with port FSB_D<4> not found, property DRIVE not attached.
WARNING:Xst:615 - Instance associated with port FSB_D<3> not found, property IOSTANDARD not attached.
WARNING:Xst:615 - Instance associated with port FSB_D<3> not found, property DRIVE not attached.
WARNING:Xst:615 - Instance associated with port FSB_D<2> not found, property IOSTANDARD not attached.
WARNING:Xst:615 - Instance associated with port FSB_D<2> not found, property DRIVE not attached.
WARNING:Xst:615 - Instance associated with port FSB_D<1> not found, property IOSTANDARD not attached.
WARNING:Xst:615 - Instance associated with port FSB_D<1> not found, property DRIVE not attached.
WARNING:Xst:615 - Instance associated with port FSB_D<0> not found, property IOSTANDARD not attached.
WARNING:Xst:615 - Instance associated with port FSB_D<0> not found, property DRIVE not attached.


Total REAL time to Xst completion: 3.00 secs
Total CPU time to Xst completion: 3.42 secs
 
--> 

Total memory usage is 224828 kilobytes

Number of errors   :    0 (   0 filtered)
Number of warnings :   80 (   0 filtered)
Number of infos    :    3 (   0 filtered)

